// Jest Snapshot v1, https://goo.gl/fbAQLP

exports[`Header component renders Header snapshot 1`] = `
<View
  style={
    {
      "alignItems": "center",
      "backgroundColor": "#2d2b43",
      "display": "flex",
      "flexDirection": "row",
      "justifyContent": "space-between",
      "left": 0,
      "padding": 20,
      "position": "absolute",
      "top": 0,
      "width": "100%",
      "zIndex": 10,
    }
  }
  testID="headerContainer"
>
  <View>
    <View
      accessibilityState={
        {
          "busy": undefined,
          "checked": undefined,
          "disabled": undefined,
          "expanded": undefined,
          "selected": undefined,
        }
      }
      accessibilityValue={
        {
          "max": undefined,
          "min": undefined,
          "now": undefined,
          "text": undefined,
        }
      }
      accessible={true}
      collapsable={false}
      focusable={true}
      onBlur={[Function]}
      onClick={[Function]}
      onFocus={[Function]}
      onResponderGrant={[Function]}
      onResponderMove={[Function]}
      onResponderRelease={[Function]}
      onResponderTerminate={[Function]}
      onResponderTerminationRequest={[Function]}
      onStartShouldSetResponder={[Function]}
      testID="searchButton"
    >
      <View
        style={
          {
            "alignItems": "flex-end",
            "color": "white",
            "justifyContent": "center",
            "marginTop": -5,
          }
        }
        testID="search"
      >
        <RNSVGSvgView
          align="xMidYMid"
          bbHeight={24}
          bbWidth={24}
          color="white"
          fill="none"
          focusable={false}
          height={24}
          meetOrSlice={0}
          minX={0}
          minY={0}
          style={
            [
              {
                "backgroundColor": "transparent",
                "borderWidth": 0,
              },
              {
                "flex": 0,
                "height": 24,
                "width": 24,
              },
            ]
          }
          vbHeight={24}
          vbWidth={24}
          width={24}
        >
          <RNSVGGroup
            fill={null}
            propList={
              [
                "fill",
              ]
            }
          >
            <RNSVGPath
              d="m21 21-3.5-3.5M17 10a7 7 0 1 1-14 0 7 7 0 0 1 14 0Z"
              fill={
                {
                  "payload": 4278190080,
                  "type": 0,
                }
              }
              propList={
                [
                  "stroke",
                  "strokeWidth",
                ]
              }
              stroke={
                {
                  "payload": 4294967295,
                  "type": 0,
                }
              }
              strokeWidth={2}
            />
          </RNSVGGroup>
        </RNSVGSvgView>
      </View>
    </View>
  </View>
</View>
`;
