// Jest Snapshot v1, https://goo.gl/fbAQLP

exports[`Track snapshot matches the snapshot 1`] = `
<View
  accessibilityState={
    {
      "busy": undefined,
      "checked": undefined,
      "disabled": undefined,
      "expanded": undefined,
      "selected": undefined,
    }
  }
  accessibilityValue={
    {
      "max": undefined,
      "min": undefined,
      "now": undefined,
      "text": undefined,
    }
  }
  accessible={true}
  collapsable={false}
  focusable={true}
  onBlur={[Function]}
  onClick={[Function]}
  onFocus={[Function]}
  onResponderGrant={[Function]}
  onResponderMove={[Function]}
  onResponderRelease={[Function]}
  onResponderTerminate={[Function]}
  onResponderTerminationRequest={[Function]}
  onStartShouldSetResponder={[Function]}
  style={
    {
      "borderBottomColor": "#302f47",
      "borderBottomWidth": 1,
      "borderTopColor": "#504f65",
      "borderTopWidth": 1,
      "gap": 3,
      "padding": 20,
    }
  }
  testID="track"
>
  <Text
    style={
      {
        "color": "#fff",
        "fontFamily": "Helvetica Neue",
        "fontSize": 18,
        "fontWeight": 400,
      }
    }
  />
  <View
    style={
      {
        "alignItems": "center",
        "flexDirection": "row",
      }
    }
  >
    <View
      style={
        {
          "alignItems": "center",
          "justifyContent": "center",
          "marginTop": 0,
        }
      }
      testID="icon"
    >
      <RNSVGSvgView
        align="xMidYMid"
        bbHeight={18}
        bbWidth={24}
        color="#fff"
        fill="none"
        focusable={false}
        height={18}
        meetOrSlice={0}
        minX={0}
        minY={0}
        style={
          [
            {
              "backgroundColor": "transparent",
              "borderWidth": 0,
            },
            {
              "flex": 0,
              "height": 18,
              "width": 24,
            },
          ]
        }
        vbHeight={24}
        vbWidth={24}
        width={24}
      >
        <RNSVGGroup
          fill={null}
          propList={
            [
              "fill",
            ]
          }
        >
          <RNSVGPath
            d="M17 15.5V5s3 1 3 4m-7-3H4m9 4H4m4 4H4m13 2.4c0 1.326-1.343 2.4-3 2.4s-3-1.075-3-2.4 1.343-2.4 3-2.4 3 1.075 3 2.4Z"
            fill={
              {
                "payload": 4278190080,
                "type": 0,
              }
            }
            propList={
              [
                "stroke",
                "strokeWidth",
              ]
            }
            stroke={
              {
                "payload": 4294967295,
                "type": 0,
              }
            }
            strokeWidth={0.5}
          />
        </RNSVGGroup>
      </RNSVGSvgView>
    </View>
    <Text
      style={
        {
          "color": "#fff",
          "fontFamily": "Helvetica Neue",
          "fontSize": 16,
          "fontWeight": 400,
          "opacity": 0.3,
        }
      }
    >
      Tempo: 
       bpm
    </Text>
  </View>
</View>
`;
